{
  "sum": null,
  "avg": null,
  "max": null,
  "min": null,
  "count": 0
}