{
  "sum": "1005.30",
  "avg": "100.53",
  "max": "200000.49",
  "min": "50.23",
  "count": 10
}