{
  "sum": "1005.3",
  "avg": "100.5",
  "max": "200000.4",
  "min": "50.2",
  "count": 10
}